
srun: error: rc32128: tasks 0-63: Exited with exit code 1
[31m
*** ERROR ***
/lustre09/project/6039333/saeedvdi/projects/orca_4.0/Examples/YeGhasemmi2018/SWS3/94_06_sw3_mc_final_mesh3.i:2753.3:
The following occurred in the Postprocessor 'bb_dilation_angle_pp' of type SideAverageMaterialProperty.

The non-AD material property 'bb_dilation_angle_degrees' does not exist[39m


[31m
*** ERROR ***
/lustre09/project/6039333/saeedvdi/projects/orca_4.0/Examples/YeGhasemmi2018/SWS3/94_06_sw3_mc_final_mesh3.i:2753.3:
The following occurred in the Postprocessor 'bb_dilation_angle_pp' of type SideAverageMaterialProperty.

The non-AD material property 'bb_dilation_angle_degrees' does not exist[39m


[31m
*** ERROR ***
/lustre09/project/6039333/saeedvdi/projects/orca_4.0/Examples/YeGhasemmi2018/SWS3/94_06_sw3_mc_final_mesh3.i:2753.3:
The following occurred in the Postprocessor 'bb_dilation_angle_pp' of type SideAverageMaterialProperty.

The non-AD material property 'bb_dilation_angle_degrees' does not exist[39m


[31m
*** ERROR ***
/lustre09/project/6039333/saeedvdi/projects/orca_4.0/Examples/YeGhasemmi2018/SWS3/94_06_sw3_mc_final_mesh3.i:2753.3:
The following occurred in the Postprocessor 'bb_dilation_angle_pp' of type SideAverageMaterialProperty.

The non-AD material property 'bb_dilation_angle_degrees' does not exist[39m


[31m
*** ERROR ***
/lustre09/project/6039333/saeedvdi/projects/orca_4.0/Examples/YeGhasemmi2018/SWS3/94_06_sw3_mc_final_mesh3.i:2753.3:
The following occurred in the Postprocessor 'bb_dilation_angle_pp' of type SideAverageMaterialProperty.

The non-AD material property 'bb_dilation_angle_degrees' does not exist[39m


[31m
*** ERROR ***
/lustre09/project/6039333/saeedvdi/projects/orca_4.0/Examples/YeGhasemmi2018/SWS3/94_06_sw3_mc_final_mesh3.i:2753.3:
The following occurred in the Postprocessor 'bb_dilation_angle_pp' of type SideAverageMaterialProperty.

The non-AD material property 'bb_dilation_angle_degrees' does not exist[39m


[31m
*** ERROR ***
/lustre09/project/6039333/saeedvdi/projects/orca_4.0/Examples/YeGhasemmi2018/SWS3/94_06_sw3_mc_final_mesh3.i:2753.3:
The following occurred in the Postprocessor 'bb_dilation_angle_pp' of type SideAverageMaterialProperty.

The non-AD material property 'bb_dilation_angle_degrees' does not exist[39m


[31m
*** ERROR ***
/lustre09/project/6039333/saeedvdi/projects/orca_4.0/Examples/YeGhasemmi2018/SWS3/94_06_sw3_mc_final_mesh3.i:2753.3:
The following occurred in the Postprocessor 'bb_dilation_angle_pp' of type SideAverageMaterialProperty.

The non-AD material property 'bb_dilation_angle_degrees' does not exist[39m


[31m
*** ERROR ***
/lustre09/project/6039333/saeedvdi/projects/orca_4.0/Examples/YeGhasemmi2018/SWS3/94_06_sw3_mc_final_mesh3.i:2753.3:
The following occurred in the Postprocessor 'bb_dilation_angle_pp' of type SideAverageMaterialProperty.

The non-AD material property 'bb_dilation_angle_degrees' does not exist[39m


[31m
*** ERROR ***
/lustre09/project/6039333/saeedvdi/projects/orca_4.0/Examples/YeGhasemmi2018/SWS3/94_06_sw3_mc_final_mesh3.i:2753.3:
The following occurred in the Postprocessor 'bb_dilation_angle_pp' of type SideAverageMaterialProperty.

The non-AD material property 'bb_dilation_angle_degrees' does not exist[39m


[31m
*** ERROR ***
/lustre09/project/6039333/saeedvdi/projects/orca_4.0/Examples/YeGhasemmi2018/SWS3/94_06_sw3_mc_final_mesh3.i:2753.3:
The following occurred in the Postprocessor 'bb_dilation_angle_pp' of type SideAverageMaterialProperty.

The non-AD material property 'bb_dilation_angle_degrees' does not exist[39m


[31m
*** ERROR ***
/lustre09/project/6039333/saeedvdi/projects/orca_4.0/Examples/YeGhasemmi2018/SWS3/94_06_sw3_mc_final_mesh3.i:2753.3:
The following occurred in the Postprocessor 'bb_dilation_angle_pp' of type SideAverageMaterialProperty.

The non-AD material property 'bb_dilation_angle_degrees' does not exist[39m


[31m
*** ERROR ***
/lustre09/project/6039333/saeedvdi/projects/orca_4.0/Examples/YeGhasemmi2018/SWS3/94_06_sw3_mc_final_mesh3.i:2753.3:
The following occurred in the Postprocessor 'bb_dilation_angle_pp' of type SideAverageMaterialProperty.

The non-AD material property 'bb_dilation_angle_degrees' does not exist[39m


[31m
*** ERROR ***
/lustre09/project/6039333/saeedvdi/projects/orca_4.0/Examples/YeGhasemmi2018/SWS3/94_06_sw3_mc_final_mesh3.i:2753.3:
The following occurred in the Postprocessor 'bb_dilation_angle_pp' of type SideAverageMaterialProperty.

The non-AD material property 'bb_dilation_angle_degrees' does not exist[39m


[31m
*** ERROR ***
/lustre09/project/6039333/saeedvdi/projects/orca_4.0/Examples/YeGhasemmi2018/SWS3/94_06_sw3_mc_final_mesh3.i:2753.3:
The following occurred in the Postprocessor 'bb_dilation_angle_pp' of type SideAverageMaterialProperty.

The non-AD material property 'bb_dilation_angle_degrees' does not exist[39m


[31m
*** ERROR ***
/lustre09/project/6039333/saeedvdi/projects/orca_4.0/Examples/YeGhasemmi2018/SWS3/94_06_sw3_mc_final_mesh3.i:2753.3:
The following occurred in the Postprocessor 'bb_dilation_angle_pp' of type SideAverageMaterialProperty.

The non-AD material property 'bb_dilation_angle_degrees' does not exist[39m


[31m
*** ERROR ***
/lustre09/project/6039333/saeedvdi/projects/orca_4.0/Examples/YeGhasemmi2018/SWS3/94_06_sw3_mc_final_mesh3.i:2753.3:
The following occurred in the Postprocessor 'bb_dilation_angle_pp' of type SideAverageMaterialProperty.

The non-AD material property 'bb_dilation_angle_degrees' does not exist[39m


[31m
*** ERROR ***
/lustre09/project/6039333/saeedvdi/projects/orca_4.0/Examples/YeGhasemmi2018/SWS3/94_06_sw3_mc_final_mesh3.i:2753.3:
The following occurred in the Postprocessor 'bb_dilation_angle_pp' of type SideAverageMaterialProperty.

The non-AD material property 'bb_dilation_angle_degrees' does not exist[39m


[31m
*** ERROR ***
/lustre09/project/6039333/saeedvdi/projects/orca_4.0/Examples/YeGhasemmi2018/SWS3/94_06_sw3_mc_final_mesh3.i:2753.3:
The following occurred in the Postprocessor 'bb_dilation_angle_pp' of type SideAverageMaterialProperty.

The non-AD material property 'bb_dilation_angle_degrees' does not exist[39m


[31m
*** ERROR ***
/lustre09/project/6039333/saeedvdi/projects/orca_4.0/Examples/YeGhasemmi2018/SWS3/94_06_sw3_mc_final_mesh3.i:2753.3:
The following occurred in the Postprocessor 'bb_dilation_angle_pp' of type SideAverageMaterialProperty.

The non-AD material property 'bb_dilation_angle_degrees' does not exist[39m


[31m
*** ERROR ***
/lustre09/project/6039333/saeedvdi/projects/orca_4.0/Examples/YeGhasemmi2018/SWS3/94_06_sw3_mc_final_mesh3.i:2753.3:
The following occurred in the Postprocessor 'bb_dilation_angle_pp' of type SideAverageMaterialProperty.

The non-AD material property 'bb_dilation_angle_degrees' does not exist[39m


[31m
*** ERROR ***
/lustre09/project/6039333/saeedvdi/projects/orca_4.0/Examples/YeGhasemmi2018/SWS3/94_06_sw3_mc_final_mesh3.i:2753.3:
The following occurred in the Postprocessor 'bb_dilation_angle_pp' of type SideAverageMaterialProperty.

The non-AD material property 'bb_dilation_angle_degrees' does not exist[39m


[31m
*** ERROR ***
/lustre09/project/6039333/saeedvdi/projects/orca_4.0/Examples/YeGhasemmi2018/SWS3/94_06_sw3_mc_final_mesh3.i:2753.3:
The following occurred in the Postprocessor 'bb_dilation_angle_pp' of type SideAverageMaterialProperty.

The non-AD material property 'bb_dilation_angle_degrees' does not exist[39m


[31m
*** ERROR ***
/lustre09/project/6039333/saeedvdi/projects/orca_4.0/Examples/YeGhasemmi2018/SWS3/94_06_sw3_mc_final_mesh3.i:2753.3:
The following occurred in the Postprocessor 'bb_dilation_angle_pp' of type SideAverageMaterialProperty.

The non-AD material property 'bb_dilation_angle_degrees' does not exist[39m


[31m
*** ERROR ***
/lustre09/project/6039333/saeedvdi/projects/orca_4.0/Examples/YeGhasemmi2018/SWS3/94_06_sw3_mc_final_mesh3.i:2753.3:
The following occurred in the Postprocessor 'bb_dilation_angle_pp' of type SideAverageMaterialProperty.

The non-AD material property 'bb_dilation_angle_degrees' does not exist[39m


[31m
*** ERROR ***
/lustre09/project/6039333/saeedvdi/projects/orca_4.0/Examples/YeGhasemmi2018/SWS3/94_06_sw3_mc_final_mesh3.i:2753.3:
The following occurred in the Postprocessor 'bb_dilation_angle_pp' of type SideAverageMaterialProperty.

The non-AD material property 'bb_dilation_angle_degrees' does not exist[39m


[31m
*** ERROR ***
/lustre09/project/6039333/saeedvdi/projects/orca_4.0/Examples/YeGhasemmi2018/SWS3/94_06_sw3_mc_final_mesh3.i:2753.3:
The following occurred in the Postprocessor 'bb_dilation_angle_pp' of type SideAverageMaterialProperty.

The non-AD material property 'bb_dilation_angle_degrees' does not exist[39m


[31m
*** ERROR ***
/lustre09/project/6039333/saeedvdi/projects/orca_4.0/Examples/YeGhasemmi2018/SWS3/94_06_sw3_mc_final_mesh3.i:2753.3:
The following occurred in the Postprocessor 'bb_dilation_angle_pp' of type SideAverageMaterialProperty.

The non-AD material property 'bb_dilation_angle_degrees' does not exist[39m


[31m
*** ERROR ***
/lustre09/project/6039333/saeedvdi/projects/orca_4.0/Examples/YeGhasemmi2018/SWS3/94_06_sw3_mc_final_mesh3.i:2753.3:
The following occurred in the Postprocessor 'bb_dilation_angle_pp' of type SideAverageMaterialProperty.

The non-AD material property 'bb_dilation_angle_degrees' does not exist[39m


[31m
*** ERROR ***
/lustre09/project/6039333/saeedvdi/projects/orca_4.0/Examples/YeGhasemmi2018/SWS3/94_06_sw3_mc_final_mesh3.i:2753.3:
The following occurred in the Postprocessor 'bb_dilation_angle_pp' of type SideAverageMaterialProperty.

The non-AD material property 'bb_dilation_angle_degrees' does not exist[39m


[31m
*** ERROR ***
/lustre09/project/6039333/saeedvdi/projects/orca_4.0/Examples/YeGhasemmi2018/SWS3/94_06_sw3_mc_final_mesh3.i:2753.3:
The following occurred in the Postprocessor 'bb_dilation_angle_pp' of type SideAverageMaterialProperty.

The non-AD material property 'bb_dilation_angle_degrees' does not exist[39m


[31m
*** ERROR ***
/lustre09/project/6039333/saeedvdi/projects/orca_4.0/Examples/YeGhasemmi2018/SWS3/94_06_sw3_mc_final_mesh3.i:2753.3:
The following occurred in the Postprocessor 'bb_dilation_angle_pp' of type SideAverageMaterialProperty.

The non-AD material property 'bb_dilation_angle_degrees' does not exist[39m


[31m
*** ERROR ***
/lustre09/project/6039333/saeedvdi/projects/orca_4.0/Examples/YeGhasemmi2018/SWS3/94_06_sw3_mc_final_mesh3.i:2753.3:
The following occurred in the Postprocessor 'bb_dilation_angle_pp' of type SideAverageMaterialProperty.

The non-AD material property 'bb_dilation_angle_degrees' does not exist[39m


[31m
*** ERROR ***
/lustre09/project/6039333/saeedvdi/projects/orca_4.0/Examples/YeGhasemmi2018/SWS3/94_06_sw3_mc_final_mesh3.i:2753.3:
The following occurred in the Postprocessor 'bb_dilation_angle_pp' of type SideAverageMaterialProperty.

The non-AD material property 'bb_dilation_angle_degrees' does not exist[39m


[31m
*** ERROR ***
/lustre09/project/6039333/saeedvdi/projects/orca_4.0/Examples/YeGhasemmi2018/SWS3/94_06_sw3_mc_final_mesh3.i:2753.3:
The following occurred in the Postprocessor 'bb_dilation_angle_pp' of type SideAverageMaterialProperty.

The non-AD material property 'bb_dilation_angle_degrees' does not exist[39m


[31m
*** ERROR ***
/lustre09/project/6039333/saeedvdi/projects/orca_4.0/Examples/YeGhasemmi2018/SWS3/94_06_sw3_mc_final_mesh3.i:2753.3:
The following occurred in the Postprocessor 'bb_dilation_angle_pp' of type SideAverageMaterialProperty.

The non-AD material property 'bb_dilation_angle_degrees' does not exist[39m


[31m
*** ERROR ***
/lustre09/project/6039333/saeedvdi/projects/orca_4.0/Examples/YeGhasemmi2018/SWS3/94_06_sw3_mc_final_mesh3.i:2753.3:
The following occurred in the Postprocessor 'bb_dilation_angle_pp' of type SideAverageMaterialProperty.

The non-AD material property 'bb_dilation_angle_degrees' does not exist[39m


[31m
*** ERROR ***
/lustre09/project/6039333/saeedvdi/projects/orca_4.0/Examples/YeGhasemmi2018/SWS3/94_06_sw3_mc_final_mesh3.i:2753.3:
The following occurred in the Postprocessor 'bb_dilation_angle_pp' of type SideAverageMaterialProperty.

The non-AD material property 'bb_dilation_angle_degrees' does not exist[39m


[31m
*** ERROR ***
/lustre09/project/6039333/saeedvdi/projects/orca_4.0/Examples/YeGhasemmi2018/SWS3/94_06_sw3_mc_final_mesh3.i:2753.3:
The following occurred in the Postprocessor 'bb_dilation_angle_pp' of type SideAverageMaterialProperty.

The non-AD material property 'bb_dilation_angle_degrees' does not exist[39m


[31m
*** ERROR ***
/lustre09/project/6039333/saeedvdi/projects/orca_4.0/Examples/YeGhasemmi2018/SWS3/94_06_sw3_mc_final_mesh3.i:2753.3:
The following occurred in the Postprocessor 'bb_dilation_angle_pp' of type SideAverageMaterialProperty.

The non-AD material property 'bb_dilation_angle_degrees' does not exist[39m


[31m
*** ERROR ***
/lustre09/project/6039333/saeedvdi/projects/orca_4.0/Examples/YeGhasemmi2018/SWS3/94_06_sw3_mc_final_mesh3.i:2753.3:
The following occurred in the Postprocessor 'bb_dilation_angle_pp' of type SideAverageMaterialProperty.

The non-AD material property 'bb_dilation_angle_degrees' does not exist[39m


[31m
*** ERROR ***
/lustre09/project/6039333/saeedvdi/projects/orca_4.0/Examples/YeGhasemmi2018/SWS3/94_06_sw3_mc_final_mesh3.i:2753.3:
The following occurred in the Postprocessor 'bb_dilation_angle_pp' of type SideAverageMaterialProperty.

The non-AD material property 'bb_dilation_angle_degrees' does not exist[39m


[31m
*** ERROR ***
/lustre09/project/6039333/saeedvdi/projects/orca_4.0/Examples/YeGhasemmi2018/SWS3/94_06_sw3_mc_final_mesh3.i:2753.3:
The following occurred in the Postprocessor 'bb_dilation_angle_pp' of type SideAverageMaterialProperty.

The non-AD material property 'bb_dilation_angle_degrees' does not exist[39m


[31m
*** ERROR ***
/lustre09/project/6039333/saeedvdi/projects/orca_4.0/Examples/YeGhasemmi2018/SWS3/94_06_sw3_mc_final_mesh3.i:2753.3:
The following occurred in the Postprocessor 'bb_dilation_angle_pp' of type SideAverageMaterialProperty.

The non-AD material property 'bb_dilation_angle_degrees' does not exist[39m


[31m
*** ERROR ***
/lustre09/project/6039333/saeedvdi/projects/orca_4.0/Examples/YeGhasemmi2018/SWS3/94_06_sw3_mc_final_mesh3.i:2753.3:
The following occurred in the Postprocessor 'bb_dilation_angle_pp' of type SideAverageMaterialProperty.

The non-AD material property 'bb_dilation_angle_degrees' does not exist[39m


[31m
*** ERROR ***
/lustre09/project/6039333/saeedvdi/projects/orca_4.0/Examples/YeGhasemmi2018/SWS3/94_06_sw3_mc_final_mesh3.i:2753.3:
The following occurred in the Postprocessor 'bb_dilation_angle_pp' of type SideAverageMaterialProperty.

The non-AD material property 'bb_dilation_angle_degrees' does not exist[39m


[31m
*** ERROR ***
/lustre09/project/6039333/saeedvdi/projects/orca_4.0/Examples/YeGhasemmi2018/SWS3/94_06_sw3_mc_final_mesh3.i:2753.3:
The following occurred in the Postprocessor 'bb_dilation_angle_pp' of type SideAverageMaterialProperty.

The non-AD material property 'bb_dilation_angle_degrees' does not exist[39m


[31m
*** ERROR ***
/lustre09/project/6039333/saeedvdi/projects/orca_4.0/Examples/YeGhasemmi2018/SWS3/94_06_sw3_mc_final_mesh3.i:2753.3:
The following occurred in the Postprocessor 'bb_dilation_angle_pp' of type SideAverageMaterialProperty.

The non-AD material property 'bb_dilation_angle_degrees' does not exist[39m


[31m
*** ERROR ***
/lustre09/project/6039333/saeedvdi/projects/orca_4.0/Examples/YeGhasemmi2018/SWS3/94_06_sw3_mc_final_mesh3.i:2753.3:
The following occurred in the Postprocessor 'bb_dilation_angle_pp' of type SideAverageMaterialProperty.

The non-AD material property 'bb_dilation_angle_degrees' does not exist[39m


[31m
*** ERROR ***
/lustre09/project/6039333/saeedvdi/projects/orca_4.0/Examples/YeGhasemmi2018/SWS3/94_06_sw3_mc_final_mesh3.i:2753.3:
The following occurred in the Postprocessor 'bb_dilation_angle_pp' of type SideAverageMaterialProperty.

The non-AD material property 'bb_dilation_angle_degrees' does not exist[39m


[31m
*** ERROR ***
/lustre09/project/6039333/saeedvdi/projects/orca_4.0/Examples/YeGhasemmi2018/SWS3/94_06_sw3_mc_final_mesh3.i:2753.3:
The following occurred in the Postprocessor 'bb_dilation_angle_pp' of type SideAverageMaterialProperty.

The non-AD material property 'bb_dilation_angle_degrees' does not exist[39m


[31m
*** ERROR ***
/lustre09/project/6039333/saeedvdi/projects/orca_4.0/Examples/YeGhasemmi2018/SWS3/94_06_sw3_mc_final_mesh3.i:2753.3:
The following occurred in the Postprocessor 'bb_dilation_angle_pp' of type SideAverageMaterialProperty.

The non-AD material property 'bb_dilation_angle_degrees' does not exist[39m


[31m
*** ERROR ***
/lustre09/project/6039333/saeedvdi/projects/orca_4.0/Examples/YeGhasemmi2018/SWS3/94_06_sw3_mc_final_mesh3.i:2753.3:
The following occurred in the Postprocessor 'bb_dilation_angle_pp' of type SideAverageMaterialProperty.

The non-AD material property 'bb_dilation_angle_degrees' does not exist[39m


[31m
*** ERROR ***
/lustre09/project/6039333/saeedvdi/projects/orca_4.0/Examples/YeGhasemmi2018/SWS3/94_06_sw3_mc_final_mesh3.i:2753.3:
The following occurred in the Postprocessor 'bb_dilation_angle_pp' of type SideAverageMaterialProperty.

The non-AD material property 'bb_dilation_angle_degrees' does not exist[39m


[31m
*** ERROR ***
/lustre09/project/6039333/saeedvdi/projects/orca_4.0/Examples/YeGhasemmi2018/SWS3/94_06_sw3_mc_final_mesh3.i:2753.3:
The following occurred in the Postprocessor 'bb_dilation_angle_pp' of type SideAverageMaterialProperty.

The non-AD material property 'bb_dilation_angle_degrees' does not exist[39m


[31m
*** ERROR ***
/lustre09/project/6039333/saeedvdi/projects/orca_4.0/Examples/YeGhasemmi2018/SWS3/94_06_sw3_mc_final_mesh3.i:2753.3:
The following occurred in the Postprocessor 'bb_dilation_angle_pp' of type SideAverageMaterialProperty.

The non-AD material property 'bb_dilation_angle_degrees' does not exist[39m


[31m
*** ERROR ***
/lustre09/project/6039333/saeedvdi/projects/orca_4.0/Examples/YeGhasemmi2018/SWS3/94_06_sw3_mc_final_mesh3.i:2753.3:
The following occurred in the Postprocessor 'bb_dilation_angle_pp' of type SideAverageMaterialProperty.

The non-AD material property 'bb_dilation_angle_degrees' does not exist[39m


[31m
*** ERROR ***
/lustre09/project/6039333/saeedvdi/projects/orca_4.0/Examples/YeGhasemmi2018/SWS3/94_06_sw3_mc_final_mesh3.i:2753.3:
The following occurred in the Postprocessor 'bb_dilation_angle_pp' of type SideAverageMaterialProperty.

The non-AD material property 'bb_dilation_angle_degrees' does not exist[39m


[31m
*** ERROR ***
/lustre09/project/6039333/saeedvdi/projects/orca_4.0/Examples/YeGhasemmi2018/SWS3/94_06_sw3_mc_final_mesh3.i:2753.3:
The following occurred in the Postprocessor 'bb_dilation_angle_pp' of type SideAverageMaterialProperty.

The non-AD material property 'bb_dilation_angle_degrees' does not exist[39m


[31m
*** ERROR ***
/lustre09/project/6039333/saeedvdi/projects/orca_4.0/Examples/YeGhasemmi2018/SWS3/94_06_sw3_mc_final_mesh3.i:2753.3:
The following occurred in the Postprocessor 'bb_dilation_angle_pp' of type SideAverageMaterialProperty.

The non-AD material property 'bb_dilation_angle_degrees' does not exist[39m


[31m
*** ERROR ***
/lustre09/project/6039333/saeedvdi/projects/orca_4.0/Examples/YeGhasemmi2018/SWS3/94_06_sw3_mc_final_mesh3.i:2753.3:
The following occurred in the Postprocessor 'bb_dilation_angle_pp' of type SideAverageMaterialProperty.

The non-AD material property 'bb_dilation_angle_degrees' does not exist[39m


[31m
*** ERROR ***
/lustre09/project/6039333/saeedvdi/projects/orca_4.0/Examples/YeGhasemmi2018/SWS3/94_06_sw3_mc_final_mesh3.i:2753.3:
The following occurred in the Postprocessor 'bb_dilation_angle_pp' of type SideAverageMaterialProperty.

The non-AD material property 'bb_dilation_angle_degrees' does not exist[39m


[31m
*** ERROR ***
/lustre09/project/6039333/saeedvdi/projects/orca_4.0/Examples/YeGhasemmi2018/SWS3/94_06_sw3_mc_final_mesh3.i:2753.3:
The following occurred in the Postprocessor 'bb_dilation_angle_pp' of type SideAverageMaterialProperty.

The non-AD material property 'bb_dilation_angle_degrees' does not exist[39m


[31m
*** ERROR ***
/lustre09/project/6039333/saeedvdi/projects/orca_4.0/Examples/YeGhasemmi2018/SWS3/94_06_sw3_mc_final_mesh3.i:2753.3:
The following occurred in the Postprocessor 'bb_dilation_angle_pp' of type SideAverageMaterialProperty.

The non-AD material property 'bb_dilation_angle_degrees' does not exist[39m

--------------------------------------------------------------------------
MPI_ABORT was invoked on rank 22 in communicator MPI_COMM_WORLD
with errorcode 1.

NOTE: invoking MPI_ABORT causes Open MPI to kill all MPI processes.
You may or may not see output from other processes, depending on
exactly when Open MPI kills them.
--------------------------------------------------------------------------
--------------------------------------------------------------------------
MPI_ABORT was invoked on rank 31 in communicator MPI_COMM_WORLD
with errorcode 1.

NOTE: invoking MPI_ABORT causes Open MPI to kill all MPI processes.
You may or may not see output from other processes, depending on
exactly when Open MPI kills them.
--------------------------------------------------------------------------
--------------------------------------------------------------------------
MPI_ABORT was invoked on rank 46 in communicator MPI_COMM_WORLD
with errorcode 1.

NOTE: invoking MPI_ABORT causes Open MPI to kill all MPI processes.
You may or may not see output from other processes, depending on
exactly when Open MPI kills them.
--------------------------------------------------------------------------
--------------------------------------------------------------------------
MPI_ABORT was invoked on rank 47 in communicator MPI_COMM_WORLD
with errorcode 1.

NOTE: invoking MPI_ABORT causes Open MPI to kill all MPI processes.
You may or may not see output from other processes, depending on
exactly when Open MPI kills them.
--------------------------------------------------------------------------
--------------------------------------------------------------------------
MPI_ABORT was invoked on rank 49 in communicator MPI_COMM_WORLD
with errorcode 1.

NOTE: invoking MPI_ABORT causes Open MPI to kill all MPI processes.
You may or may not see output from other processes, depending on
exactly when Open MPI kills them.
--------------------------------------------------------------------------
--------------------------------------------------------------------------
MPI_ABORT was invoked on rank 54 in communicator MPI_COMM_WORLD
with errorcode 1.

NOTE: invoking MPI_ABORT causes Open MPI to kill all MPI processes.
You may or may not see output from other processes, depending on
exactly when Open MPI kills them.
--------------------------------------------------------------------------
--------------------------------------------------------------------------
MPI_ABORT was invoked on rank 0 in communicator MPI_COMM_WORLD
with errorcode 1.

NOTE: invoking MPI_ABORT causes Open MPI to kill all MPI processes.
You may or may not see output from other processes, depending on
exactly when Open MPI kills them.
--------------------------------------------------------------------------
--------------------------------------------------------------------------
MPI_ABORT was invoked on rank 1 in communicator MPI_COMM_WORLD
with errorcode 1.

NOTE: invoking MPI_ABORT causes Open MPI to kill all MPI processes.
You may or may not see output from other processes, depending on
exactly when Open MPI kills them.
--------------------------------------------------------------------------
--------------------------------------------------------------------------
MPI_ABORT was invoked on rank 2 in communicator MPI_COMM_WORLD
with errorcode 1.

NOTE: invoking MPI_ABORT causes Open MPI to kill all MPI processes.
You may or may not see output from other processes, depending on
exactly when Open MPI kills them.
--------------------------------------------------------------------------
--------------------------------------------------------------------------
MPI_ABORT was invoked on rank 3 in communicator MPI_COMM_WORLD
with errorcode 1.

NOTE: invoking MPI_ABORT causes Open MPI to kill all MPI processes.
You may or may not see output from other processes, depending on
exactly when Open MPI kills them.
--------------------------------------------------------------------------
--------------------------------------------------------------------------
MPI_ABORT was invoked on rank 6 in communicator MPI_COMM_WORLD
with errorcode 1.

NOTE: invoking MPI_ABORT causes Open MPI to kill all MPI processes.
You may or may not see output from other processes, depending on
exactly when Open MPI kills them.
--------------------------------------------------------------------------
--------------------------------------------------------------------------
MPI_ABORT was invoked on rank 7 in communicator MPI_COMM_WORLD
with errorcode 1.

NOTE: invoking MPI_ABORT causes Open MPI to kill all MPI processes.
You may or may not see output from other processes, depending on
exactly when Open MPI kills them.
--------------------------------------------------------------------------
--------------------------------------------------------------------------
MPI_ABORT was invoked on rank 8 in communicator MPI_COMM_WORLD
with errorcode 1.

NOTE: invoking MPI_ABORT causes Open MPI to kill all MPI processes.
You may or may not see output from other processes, depending on
exactly when Open MPI kills them.
--------------------------------------------------------------------------
--------------------------------------------------------------------------
MPI_ABORT was invoked on rank 9 in communicator MPI_COMM_WORLD
with errorcode 1.

NOTE: invoking MPI_ABORT causes Open MPI to kill all MPI processes.
You may or may not see output from other processes, depending on
exactly when Open MPI kills them.
--------------------------------------------------------------------------
--------------------------------------------------------------------------
MPI_ABORT was invoked on rank 10 in communicator MPI_COMM_WORLD
with errorcode 1.

NOTE: invoking MPI_ABORT causes Open MPI to kill all MPI processes.
You may or may not see output from other processes, depending on
exactly when Open MPI kills them.
--------------------------------------------------------------------------
--------------------------------------------------------------------------
MPI_ABORT was invoked on rank 11 in communicator MPI_COMM_WORLD
with errorcode 1.

NOTE: invoking MPI_ABORT causes Open MPI to kill all MPI processes.
You may or may not see output from other processes, depending on
exactly when Open MPI kills them.
--------------------------------------------------------------------------
--------------------------------------------------------------------------
MPI_ABORT was invoked on rank 12 in communicator MPI_COMM_WORLD
with errorcode 1.

NOTE: invoking MPI_ABORT causes Open MPI to kill all MPI processes.
You may or may not see output from other processes, depending on
exactly when Open MPI kills them.
--------------------------------------------------------------------------
--------------------------------------------------------------------------
MPI_ABORT was invoked on rank 13 in communicator MPI_COMM_WORLD
with errorcode 1.

NOTE: invoking MPI_ABORT causes Open MPI to kill all MPI processes.
You may or may not see output from other processes, depending on
exactly when Open MPI kills them.
--------------------------------------------------------------------------
--------------------------------------------------------------------------
MPI_ABORT was invoked on rank 14 in communicator MPI_COMM_WORLD
with errorcode 1.

NOTE: invoking MPI_ABORT causes Open MPI to kill all MPI processes.
You may or may not see output from other processes, depending on
exactly when Open MPI kills them.
--------------------------------------------------------------------------
--------------------------------------------------------------------------
MPI_ABORT was invoked on rank 15 in communicator MPI_COMM_WORLD
with errorcode 1.

NOTE: invoking MPI_ABORT causes Open MPI to kill all MPI processes.
You may or may not see output from other processes, depending on
exactly when Open MPI kills them.
--------------------------------------------------------------------------
--------------------------------------------------------------------------
MPI_ABORT was invoked on rank 17 in communicator MPI_COMM_WORLD
with errorcode 1.

NOTE: invoking MPI_ABORT causes Open MPI to kill all MPI processes.
You may or may not see output from other processes, depending on
exactly when Open MPI kills them.
--------------------------------------------------------------------------
--------------------------------------------------------------------------
MPI_ABORT was invoked on rank 18 in communicator MPI_COMM_WORLD
with errorcode 1.

NOTE: invoking MPI_ABORT causes Open MPI to kill all MPI processes.
You may or may not see output from other processes, depending on
exactly when Open MPI kills them.
--------------------------------------------------------------------------
--------------------------------------------------------------------------
MPI_ABORT was invoked on rank 19 in communicator MPI_COMM_WORLD
with errorcode 1.

NOTE: invoking MPI_ABORT causes Open MPI to kill all MPI processes.
You may or may not see output from other processes, depending on
exactly when Open MPI kills them.
--------------------------------------------------------------------------
--------------------------------------------------------------------------
MPI_ABORT was invoked on rank 20 in communicator MPI_COMM_WORLD
with errorcode 1.

NOTE: invoking MPI_ABORT causes Open MPI to kill all MPI processes.
You may or may not see output from other processes, depending on
exactly when Open MPI kills them.
--------------------------------------------------------------------------
--------------------------------------------------------------------------
MPI_ABORT was invoked on rank 21 in communicator MPI_COMM_WORLD
with errorcode 1.

NOTE: invoking MPI_ABORT causes Open MPI to kill all MPI processes.
You may or may not see output from other processes, depending on
exactly when Open MPI kills them.
--------------------------------------------------------------------------
--------------------------------------------------------------------------
MPI_ABORT was invoked on rank 23 in communicator MPI_COMM_WORLD
with errorcode 1.

NOTE: invoking MPI_ABORT causes Open MPI to kill all MPI processes.
You may or may not see output from other processes, depending on
exactly when Open MPI kills them.
--------------------------------------------------------------------------
--------------------------------------------------------------------------
MPI_ABORT was invoked on rank 25 in communicator MPI_COMM_WORLD
with errorcode 1.

NOTE: invoking MPI_ABORT causes Open MPI to kill all MPI processes.
You may or may not see output from other processes, depending on
exactly when Open MPI kills them.
--------------------------------------------------------------------------
--------------------------------------------------------------------------
MPI_ABORT was invoked on rank 26 in communicator MPI_COMM_WORLD
with errorcode 1.

NOTE: invoking MPI_ABORT causes Open MPI to kill all MPI processes.
You may or may not see output from other processes, depending on
exactly when Open MPI kills them.
--------------------------------------------------------------------------
--------------------------------------------------------------------------
MPI_ABORT was invoked on rank 27 in communicator MPI_COMM_WORLD
with errorcode 1.

NOTE: invoking MPI_ABORT causes Open MPI to kill all MPI processes.
You may or may not see output from other processes, depending on
exactly when Open MPI kills them.
--------------------------------------------------------------------------
--------------------------------------------------------------------------
MPI_ABORT was invoked on rank 28 in communicator MPI_COMM_WORLD
with errorcode 1.

NOTE: invoking MPI_ABORT causes Open MPI to kill all MPI processes.
You may or may not see output from other processes, depending on
exactly when Open MPI kills them.
--------------------------------------------------------------------------
--------------------------------------------------------------------------
MPI_ABORT was invoked on rank 29 in communicator MPI_COMM_WORLD
with errorcode 1.

NOTE: invoking MPI_ABORT causes Open MPI to kill all MPI processes.
You may or may not see output from other processes, depending on
exactly when Open MPI kills them.
--------------------------------------------------------------------------
--------------------------------------------------------------------------
MPI_ABORT was invoked on rank 30 in communicator MPI_COMM_WORLD
with errorcode 1.

NOTE: invoking MPI_ABORT causes Open MPI to kill all MPI processes.
You may or may not see output from other processes, depending on
exactly when Open MPI kills them.
--------------------------------------------------------------------------
--------------------------------------------------------------------------
MPI_ABORT was invoked on rank 32 in communicator MPI_COMM_WORLD
with errorcode 1.

NOTE: invoking MPI_ABORT causes Open MPI to kill all MPI processes.
You may or may not see output from other processes, depending on
exactly when Open MPI kills them.
--------------------------------------------------------------------------
--------------------------------------------------------------------------
MPI_ABORT was invoked on rank 33 in communicator MPI_COMM_WORLD
with errorcode 1.

NOTE: invoking MPI_ABORT causes Open MPI to kill all MPI processes.
You may or may not see output from other processes, depending on
exactly when Open MPI kills them.
--------------------------------------------------------------------------
--------------------------------------------------------------------------
MPI_ABORT was invoked on rank 34 in communicator MPI_COMM_WORLD
with errorcode 1.

NOTE: invoking MPI_ABORT causes Open MPI to kill all MPI processes.
You may or may not see output from other processes, depending on
exactly when Open MPI kills them.
--------------------------------------------------------------------------
--------------------------------------------------------------------------
MPI_ABORT was invoked on rank 35 in communicator MPI_COMM_WORLD
with errorcode 1.

NOTE: invoking MPI_ABORT causes Open MPI to kill all MPI processes.
You may or may not see output from other processes, depending on
exactly when Open MPI kills them.
--------------------------------------------------------------------------
--------------------------------------------------------------------------
MPI_ABORT was invoked on rank 36 in communicator MPI_COMM_WORLD
with errorcode 1.

NOTE: invoking MPI_ABORT causes Open MPI to kill all MPI processes.
You may or may not see output from other processes, depending on
exactly when Open MPI kills them.
--------------------------------------------------------------------------
--------------------------------------------------------------------------
MPI_ABORT was invoked on rank 37 in communicator MPI_COMM_WORLD
with errorcode 1.

NOTE: invoking MPI_ABORT causes Open MPI to kill all MPI processes.
You may or may not see output from other processes, depending on
exactly when Open MPI kills them.
--------------------------------------------------------------------------
--------------------------------------------------------------------------
MPI_ABORT was invoked on rank 38 in communicator MPI_COMM_WORLD
with errorcode 1.

NOTE: invoking MPI_ABORT causes Open MPI to kill all MPI processes.
You may or may not see output from other processes, depending on
exactly when Open MPI kills them.
--------------------------------------------------------------------------
--------------------------------------------------------------------------
MPI_ABORT was invoked on rank 39 in communicator MPI_COMM_WORLD
with errorcode 1.

NOTE: invoking MPI_ABORT causes Open MPI to kill all MPI processes.
You may or may not see output from other processes, depending on
exactly when Open MPI kills them.
--------------------------------------------------------------------------
--------------------------------------------------------------------------
MPI_ABORT was invoked on rank 40 in communicator MPI_COMM_WORLD
with errorcode 1.

NOTE: invoking MPI_ABORT causes Open MPI to kill all MPI processes.
You may or may not see output from other processes, depending on
exactly when Open MPI kills them.
--------------------------------------------------------------------------
--------------------------------------------------------------------------
MPI_ABORT was invoked on rank 41 in communicator MPI_COMM_WORLD
with errorcode 1.

NOTE: invoking MPI_ABORT causes Open MPI to kill all MPI processes.
You may or may not see output from other processes, depending on
exactly when Open MPI kills them.
--------------------------------------------------------------------------
--------------------------------------------------------------------------
MPI_ABORT was invoked on rank 42 in communicator MPI_COMM_WORLD
with errorcode 1.

NOTE: invoking MPI_ABORT causes Open MPI to kill all MPI processes.
You may or may not see output from other processes, depending on
exactly when Open MPI kills them.
--------------------------------------------------------------------------
--------------------------------------------------------------------------
MPI_ABORT was invoked on rank 43 in communicator MPI_COMM_WORLD
with errorcode 1.

NOTE: invoking MPI_ABORT causes Open MPI to kill all MPI processes.
You may or may not see output from other processes, depending on
exactly when Open MPI kills them.
--------------------------------------------------------------------------
--------------------------------------------------------------------------
MPI_ABORT was invoked on rank 44 in communicator MPI_COMM_WORLD
with errorcode 1.

NOTE: invoking MPI_ABORT causes Open MPI to kill all MPI processes.
You may or may not see output from other processes, depending on
exactly when Open MPI kills them.
--------------------------------------------------------------------------
--------------------------------------------------------------------------
MPI_ABORT was invoked on rank 45 in communicator MPI_COMM_WORLD
with errorcode 1.

NOTE: invoking MPI_ABORT causes Open MPI to kill all MPI processes.
You may or may not see output from other processes, depending on
exactly when Open MPI kills them.
--------------------------------------------------------------------------
--------------------------------------------------------------------------
MPI_ABORT was invoked on rank 48 in communicator MPI_COMM_WORLD
with errorcode 1.

NOTE: invoking MPI_ABORT causes Open MPI to kill all MPI processes.
You may or may not see output from other processes, depending on
exactly when Open MPI kills them.
--------------------------------------------------------------------------
--------------------------------------------------------------------------
MPI_ABORT was invoked on rank 50 in communicator MPI_COMM_WORLD
with errorcode 1.

NOTE: invoking MPI_ABORT causes Open MPI to kill all MPI processes.
You may or may not see output from other processes, depending on
exactly when Open MPI kills them.
--------------------------------------------------------------------------
--------------------------------------------------------------------------
MPI_ABORT was invoked on rank 51 in communicator MPI_COMM_WORLD
with errorcode 1.

NOTE: invoking MPI_ABORT causes Open MPI to kill all MPI processes.
You may or may not see output from other processes, depending on
exactly when Open MPI kills them.
--------------------------------------------------------------------------
--------------------------------------------------------------------------
MPI_ABORT was invoked on rank 52 in communicator MPI_COMM_WORLD
with errorcode 1.

NOTE: invoking MPI_ABORT causes Open MPI to kill all MPI processes.
You may or may not see output from other processes, depending on
exactly when Open MPI kills them.
--------------------------------------------------------------------------
--------------------------------------------------------------------------
MPI_ABORT was invoked on rank 53 in communicator MPI_COMM_WORLD
with errorcode 1.

NOTE: invoking MPI_ABORT causes Open MPI to kill all MPI processes.
You may or may not see output from other processes, depending on
exactly when Open MPI kills them.
--------------------------------------------------------------------------
--------------------------------------------------------------------------
MPI_ABORT was invoked on rank 55 in communicator MPI_COMM_WORLD
with errorcode 1.

NOTE: invoking MPI_ABORT causes Open MPI to kill all MPI processes.
You may or may not see output from other processes, depending on
exactly when Open MPI kills them.
--------------------------------------------------------------------------
--------------------------------------------------------------------------
MPI_ABORT was invoked on rank 56 in communicator MPI_COMM_WORLD
with errorcode 1.

NOTE: invoking MPI_ABORT causes Open MPI to kill all MPI processes.
You may or may not see output from other processes, depending on
exactly when Open MPI kills them.
--------------------------------------------------------------------------
--------------------------------------------------------------------------
MPI_ABORT was invoked on rank 57 in communicator MPI_COMM_WORLD
with errorcode 1.

NOTE: invoking MPI_ABORT causes Open MPI to kill all MPI processes.
You may or may not see output from other processes, depending on
exactly when Open MPI kills them.
--------------------------------------------------------------------------
--------------------------------------------------------------------------
MPI_ABORT was invoked on rank 59 in communicator MPI_COMM_WORLD
with errorcode 1.

NOTE: invoking MPI_ABORT causes Open MPI to kill all MPI processes.
You may or may not see output from other processes, depending on
exactly when Open MPI kills them.
--------------------------------------------------------------------------
--------------------------------------------------------------------------
MPI_ABORT was invoked on rank 61 in communicator MPI_COMM_WORLD
with errorcode 1.

NOTE: invoking MPI_ABORT causes Open MPI to kill all MPI processes.
You may or may not see output from other processes, depending on
exactly when Open MPI kills them.
--------------------------------------------------------------------------
--------------------------------------------------------------------------
MPI_ABORT was invoked on rank 62 in communicator MPI_COMM_WORLD
with errorcode 1.

NOTE: invoking MPI_ABORT causes Open MPI to kill all MPI processes.
You may or may not see output from other processes, depending on
exactly when Open MPI kills them.
--------------------------------------------------------------------------
--------------------------------------------------------------------------
MPI_ABORT was invoked on rank 63 in communicator MPI_COMM_WORLD
with errorcode 1.

NOTE: invoking MPI_ABORT causes Open MPI to kill all MPI processes.
You may or may not see output from other processes, depending on
exactly when Open MPI kills them.
--------------------------------------------------------------------------
--------------------------------------------------------------------------
MPI_ABORT was invoked on rank 4 in communicator MPI_COMM_WORLD
with errorcode 1.

NOTE: invoking MPI_ABORT causes Open MPI to kill all MPI processes.
You may or may not see output from other processes, depending on
exactly when Open MPI kills them.
--------------------------------------------------------------------------
--------------------------------------------------------------------------
MPI_ABORT was invoked on rank 5 in communicator MPI_COMM_WORLD
with errorcode 1.

NOTE: invoking MPI_ABORT causes Open MPI to kill all MPI processes.
You may or may not see output from other processes, depending on
exactly when Open MPI kills them.
--------------------------------------------------------------------------
--------------------------------------------------------------------------
MPI_ABORT was invoked on rank 16 in communicator MPI_COMM_WORLD
with errorcode 1.

NOTE: invoking MPI_ABORT causes Open MPI to kill all MPI processes.
You may or may not see output from other processes, depending on
exactly when Open MPI kills them.
--------------------------------------------------------------------------
--------------------------------------------------------------------------
MPI_ABORT was invoked on rank 24 in communicator MPI_COMM_WORLD
with errorcode 1.

NOTE: invoking MPI_ABORT causes Open MPI to kill all MPI processes.
You may or may not see output from other processes, depending on
exactly when Open MPI kills them.
--------------------------------------------------------------------------
--------------------------------------------------------------------------
MPI_ABORT was invoked on rank 58 in communicator MPI_COMM_WORLD
with errorcode 1.

NOTE: invoking MPI_ABORT causes Open MPI to kill all MPI processes.
You may or may not see output from other processes, depending on
exactly when Open MPI kills them.
--------------------------------------------------------------------------
--------------------------------------------------------------------------
MPI_ABORT was invoked on rank 60 in communicator MPI_COMM_WORLD
with errorcode 1.

NOTE: invoking MPI_ABORT causes Open MPI to kill all MPI processes.
You may or may not see output from other processes, depending on
exactly when Open MPI kills them.
--------------------------------------------------------------------------
