
[33m
*** Deprecation Warning ***
/lustre09/project/6039333/saeedvdi/projects/orca_4.0/Examples/Kalantar2025/OGSH/110_01_og_sh_bbfast_r1.i:1172.5:
Materials/rockHM/fluid_properties_model: The parameter 'fluid_properties_model' is deprecated.
OrcaTHMaterial now computes fluid properties directly from its local input parameters; remove fluid_properties_model from the input file.

/lustre09/project/6039333/saeedvdi/projects/orca_4.0/Examples/Kalantar2025/OGSH/110_01_og_sh_bbfast_r1.i:1178.5:
Materials/rockHM/fluid_thermal_expansion_model: The parameter 'fluid_thermal_expansion_model' is deprecated.
OrcaTHMaterial now uses volumetric_fluid_thermal_expansion directly; remove fluid_thermal_expansion_model from the input file.

[39m
Setting Up                                                                               [[33m 13.54 s[39m] [[33m  384 MB[39m]
Framework Information:
MOOSE Version:           git commit 846a5c4c on 2026-07-31
LibMesh Version:         ab36c007ae608290e097bdfbc2766a46d8192b70
PETSc Version:           3.23.4
SLEPc Version:           3.23.2
Current Time:            Sat Aug 22 23:53:52 2026
Executable Timestamp:    Sun Aug 16 20:33:46 2026

Input File(s):
  /lustre09/project/6039333/saeedvdi/projects/orca_4.0/Examples/Kalantar2025/OGSH/110_01_og_sh_bbfast_r1.i

Command Line Input Argument(s):
  Outputs/chk/enable=false
  csv_file_base=results_csv_hpc/110_01_og_sh_bbfast_r1_hpc
  exodus_file_base=results_exodus_hpc/110_01_og_sh_bbfast_r1_hpc

Checkpoint:
  Wall Time Interval:      Every 3600 s
  Checkpoint:              Outputs/chk
  # Checkpoints Kept:      1
  Execute On:              TIMESTEP_END 

Parallelism:
  Num Processors:          64
  Num Threads:             1

Mesh: 
  Parallel Type:           replicated
  Mesh Dimension:          3
  Spatial Dimension:       3
  Nodes:                   
    Total:                 106758
    Local:                 2127
    Min/Max/Avg:           1290/2185/1668
  Elems:                   
    Total:                 101972
    Local:                 1579
    Min/Max/Avg:           1518/1737/1593
  Num Subdomains:          3
  Num Partitions:          64
  Partitioner:             metis

Nonlinear System:
  Num DOFs:                427032
  Num Local DOFs:          8508
  Variables:               { "disp_x" "disp_y" "disp_z" "pore_pressure" } 
  Finite Element Types:    "LAGRANGE" 
  Approximation Orders:    "FIRST" 

Auxiliary System:
  Num DOFs:                1278426
  Num Local DOFs:          20592
  Variables:               { "inj_flux_aux" "react_disp_z" "react_pore_pressure" } { "stress_xx" "stress_yy" 
                             "stress_zz" "stress_xy" "stress_xz" "stress_yz" "darcy_vel_x" "darcy_vel_y" 
                             "darcy_vel_z" } { "traction_x" "traction_y" "traction_z" "normal_traction" 
                             "tangent_traction" ... "friction_coefficient_effective" "cohesion_effective" 
                             "fracture_darcy_vel_x" "fracture_darcy_vel_y" "fracture_darcy_vel_z" } 
  Finite Element Types:    "LAGRANGE" "MONOMIAL" "MONOMIAL" 
  Approximation Orders:    "FIRST" "CONSTANT" "CONSTANT" 

Execution Information:
  Executioner:             Transient
  TimeStepper:             IterationAdaptiveDT
  TimeIntegrator(s):       ImplicitEuler
  Solver Mode:             NEWTON 
  MOOSE Preconditioner:    SMP 


Time Step 0, time = 0

Time Step 1, time = 0.75, dt = 0.75
 0 Nonlinear |R| = [32m8.868117e+02[39m
