
[31m
*** ERROR ***
/lustre09/project/6039333/saeedvdi/projects/orca_4.0/Examples/Kalantar2025/OGSC/110_05_og_sc_bbfast_r1.i:2558.3:
The following occurred in the Postprocessor 'pp_outlet_pp' of type PointValue.

No element located at (x,y,z)=(0.0231596,        0, 0.103481) in PointValue Postprocessor named: pp_outlet_pp[39m


[31m
*** ERROR ***
/lustre09/project/6039333/saeedvdi/projects/orca_4.0/Examples/Kalantar2025/OGSC/110_05_og_sc_bbfast_r1.i:2558.3:
The following occurred in the Postprocessor 'pp_outlet_pp' of type PointValue.

No element located at (x,y,z)=(0.0231596,        0, 0.103481) in PointValue Postprocessor named: pp_outlet_pp[39m


[31m
*** ERROR ***
/lustre09/project/6039333/saeedvdi/projects/orca_4.0/Examples/Kalantar2025/OGSC/110_05_og_sc_bbfast_r1.i:2558.3:
The following occurred in the Postprocessor 'pp_outlet_pp' of type PointValue.

No element located at (x,y,z)=(0.0231596,        0, 0.103481) in PointValue Postprocessor named: pp_outlet_pp[39m


[31m
*** ERROR ***
/lustre09/project/6039333/saeedvdi/projects/orca_4.0/Examples/Kalantar2025/OGSC/110_05_og_sc_bbfast_r1.i:2558.3:
The following occurred in the Postprocessor 'pp_outlet_pp' of type PointValue.

No element located at (x,y,z)=(0.0231596,        0, 0.103481) in PointValue Postprocessor named: pp_outlet_pp[39m


[31m
*** ERROR ***
/lustre09/project/6039333/saeedvdi/projects/orca_4.0/Examples/Kalantar2025/OGSC/110_05_og_sc_bbfast_r1.i:2558.3:
The following occurred in the Postprocessor 'pp_outlet_pp' of type PointValue.

No element located at (x,y,z)=(0.0231596,        0, 0.103481) in PointValue Postprocessor named: pp_outlet_pp[39m


[31m
*** ERROR ***
/lustre09/project/6039333/saeedvdi/projects/orca_4.0/Examples/Kalantar2025/OGSC/110_05_og_sc_bbfast_r1.i:2558.3:
The following occurred in the Postprocessor 'pp_outlet_pp' of type PointValue.

No element located at (x,y,z)=(0.0231596,        0, 0.103481) in PointValue Postprocessor named: pp_outlet_pp[39m


[31m
*** ERROR ***
/lustre09/project/6039333/saeedvdi/projects/orca_4.0/Examples/Kalantar2025/OGSC/110_05_og_sc_bbfast_r1.i:2558.3:
The following occurred in the Postprocessor 'pp_outlet_pp' of type PointValue.

No element located at (x,y,z)=(0.0231596,        0, 0.103481) in PointValue Postprocessor named: pp_outlet_pp[39m


[31m
*** ERROR ***
/lustre09/project/6039333/saeedvdi/projects/orca_4.0/Examples/Kalantar2025/OGSC/110_05_og_sc_bbfast_r1.i:2558.3:
The following occurred in the Postprocessor 'pp_outlet_pp' of type PointValue.

No element located at (x,y,z)=(0.0231596,        0, 0.103481) in PointValue Postprocessor named: pp_outlet_pp[39m


[31m
*** ERROR ***
/lustre09/project/6039333/saeedvdi/projects/orca_4.0/Examples/Kalantar2025/OGSC/110_05_og_sc_bbfast_r1.i:2558.3:
The following occurred in the Postprocessor 'pp_outlet_pp' of type PointValue.

No element located at (x,y,z)=(0.0231596,        0, 0.103481) in PointValue Postprocessor named: pp_outlet_pp[39m


[31m
*** ERROR ***
/lustre09/project/6039333/saeedvdi/projects/orca_4.0/Examples/Kalantar2025/OGSC/110_05_og_sc_bbfast_r1.i:2558.3:
The following occurred in the Postprocessor 'pp_outlet_pp' of type PointValue.

No element located at (x,y,z)=(0.0231596,        0, 0.103481) in PointValue Postprocessor named: pp_outlet_pp[39m


[31m
*** ERROR ***
/lustre09/project/6039333/saeedvdi/projects/orca_4.0/Examples/Kalantar2025/OGSC/110_05_og_sc_bbfast_r1.i:2558.3:
The following occurred in the Postprocessor 'pp_outlet_pp' of type PointValue.

No element located at (x,y,z)=(0.0231596,        0, 0.103481) in PointValue Postprocessor named: pp_outlet_pp[39m


[31m
*** ERROR ***
/lustre09/project/6039333/saeedvdi/projects/orca_4.0/Examples/Kalantar2025/OGSC/110_05_og_sc_bbfast_r1.i:2558.3:
The following occurred in the Postprocessor 'pp_outlet_pp' of type PointValue.

No element located at (x,y,z)=(0.0231596,        0, 0.103481) in PointValue Postprocessor named: pp_outlet_pp[39m


[31m
*** ERROR ***
/lustre09/project/6039333/saeedvdi/projects/orca_4.0/Examples/Kalantar2025/OGSC/110_05_og_sc_bbfast_r1.i:2558.3:
The following occurred in the Postprocessor 'pp_outlet_pp' of type PointValue.

No element located at (x,y,z)=(0.0231596,        0, 0.103481) in PointValue Postprocessor named: pp_outlet_pp[39m


[31m
*** ERROR ***
/lustre09/project/6039333/saeedvdi/projects/orca_4.0/Examples/Kalantar2025/OGSC/110_05_og_sc_bbfast_r1.i:2558.3:
The following occurred in the Postprocessor 'pp_outlet_pp' of type PointValue.

No element located at (x,y,z)=(0.0231596,        0, 0.103481) in PointValue Postprocessor named: pp_outlet_pp[39m


[31m
*** ERROR ***
/lustre09/project/6039333/saeedvdi/projects/orca_4.0/Examples/Kalantar2025/OGSC/110_05_og_sc_bbfast_r1.i:2558.3:
The following occurred in the Postprocessor 'pp_outlet_pp' of type PointValue.

No element located at (x,y,z)=(0.0231596,        0, 0.103481) in PointValue Postprocessor named: pp_outlet_pp[39m


[31m
*** ERROR ***
/lustre09/project/6039333/saeedvdi/projects/orca_4.0/Examples/Kalantar2025/OGSC/110_05_og_sc_bbfast_r1.i:2558.3:
The following occurred in the Postprocessor 'pp_outlet_pp' of type PointValue.

No element located at (x,y,z)=(0.0231596,        0, 0.103481) in PointValue Postprocessor named: pp_outlet_pp[39m


[31m
*** ERROR ***
/lustre09/project/6039333/saeedvdi/projects/orca_4.0/Examples/Kalantar2025/OGSC/110_05_og_sc_bbfast_r1.i:2558.3:
The following occurred in the Postprocessor 'pp_outlet_pp' of type PointValue.

No element located at (x,y,z)=(0.0231596,        0, 0.103481) in PointValue Postprocessor named: pp_outlet_pp[39m


[31m
*** ERROR ***
/lustre09/project/6039333/saeedvdi/projects/orca_4.0/Examples/Kalantar2025/OGSC/110_05_og_sc_bbfast_r1.i:2558.3:
The following occurred in the Postprocessor 'pp_outlet_pp' of type PointValue.

No element located at (x,y,z)=(0.0231596,        0, 0.103481) in PointValue Postprocessor named: pp_outlet_pp[39m


[31m
*** ERROR ***
/lustre09/project/6039333/saeedvdi/projects/orca_4.0/Examples/Kalantar2025/OGSC/110_05_og_sc_bbfast_r1.i:2558.3:
The following occurred in the Postprocessor 'pp_outlet_pp' of type PointValue.

No element located at (x,y,z)=(0.0231596,        0, 0.103481) in PointValue Postprocessor named: pp_outlet_pp[39m


[31m
*** ERROR ***
/lustre09/project/6039333/saeedvdi/projects/orca_4.0/Examples/Kalantar2025/OGSC/110_05_og_sc_bbfast_r1.i:2558.3:
The following occurred in the Postprocessor 'pp_outlet_pp' of type PointValue.

No element located at (x,y,z)=(0.0231596,        0, 0.103481) in PointValue Postprocessor named: pp_outlet_pp[39m


[31m
*** ERROR ***
/lustre09/project/6039333/saeedvdi/projects/orca_4.0/Examples/Kalantar2025/OGSC/110_05_og_sc_bbfast_r1.i:2558.3:
The following occurred in the Postprocessor 'pp_outlet_pp' of type PointValue.

No element located at (x,y,z)=(0.0231596,        0, 0.103481) in PointValue Postprocessor named: pp_outlet_pp[39m


[31m
*** ERROR ***
/lustre09/project/6039333/saeedvdi/projects/orca_4.0/Examples/Kalantar2025/OGSC/110_05_og_sc_bbfast_r1.i:2558.3:
The following occurred in the Postprocessor 'pp_outlet_pp' of type PointValue.

No element located at (x,y,z)=(0.0231596,        0, 0.103481) in PointValue Postprocessor named: pp_outlet_pp[39m


[31m
*** ERROR ***
/lustre09/project/6039333/saeedvdi/projects/orca_4.0/Examples/Kalantar2025/OGSC/110_05_og_sc_bbfast_r1.i:2558.3:
The following occurred in the Postprocessor 'pp_outlet_pp' of type PointValue.

No element located at (x,y,z)=(0.0231596,        0, 0.103481) in PointValue Postprocessor named: pp_outlet_pp[39m


[31m
*** ERROR ***
/lustre09/project/6039333/saeedvdi/projects/orca_4.0/Examples/Kalantar2025/OGSC/110_05_og_sc_bbfast_r1.i:2558.3:
The following occurred in the Postprocessor 'pp_outlet_pp' of type PointValue.

No element located at (x,y,z)=(0.0231596,        0, 0.103481) in PointValue Postprocessor named: pp_outlet_pp[39m


[31m
*** ERROR ***
/lustre09/project/6039333/saeedvdi/projects/orca_4.0/Examples/Kalantar2025/OGSC/110_05_og_sc_bbfast_r1.i:2558.3:
The following occurred in the Postprocessor 'pp_outlet_pp' of type PointValue.

No element located at (x,y,z)=(0.0231596,        0, 0.103481) in PointValue Postprocessor named: pp_outlet_pp[39m


[31m
*** ERROR ***
/lustre09/project/6039333/saeedvdi/projects/orca_4.0/Examples/Kalantar2025/OGSC/110_05_og_sc_bbfast_r1.i:2558.3:
The following occurred in the Postprocessor 'pp_outlet_pp' of type PointValue.

No element located at (x,y,z)=(0.0231596,        0, 0.103481) in PointValue Postprocessor named: pp_outlet_pp[39m


[31m
*** ERROR ***
/lustre09/project/6039333/saeedvdi/projects/orca_4.0/Examples/Kalantar2025/OGSC/110_05_og_sc_bbfast_r1.i:2558.3:
The following occurred in the Postprocessor 'pp_outlet_pp' of type PointValue.

No element located at (x,y,z)=(0.0231596,        0, 0.103481) in PointValue Postprocessor named: pp_outlet_pp[39m


[31m
*** ERROR ***
/lustre09/project/6039333/saeedvdi/projects/orca_4.0/Examples/Kalantar2025/OGSC/110_05_og_sc_bbfast_r1.i:2558.3:
The following occurred in the Postprocessor 'pp_outlet_pp' of type PointValue.

No element located at (x,y,z)=(0.0231596,        0, 0.103481) in PointValue Postprocessor named: pp_outlet_pp[39m


[31m
*** ERROR ***
/lustre09/project/6039333/saeedvdi/projects/orca_4.0/Examples/Kalantar2025/OGSC/110_05_og_sc_bbfast_r1.i:2558.3:
The following occurred in the Postprocessor 'pp_outlet_pp' of type PointValue.

No element located at (x,y,z)=(0.0231596,        0, 0.103481) in PointValue Postprocessor named: pp_outlet_pp[39m


[31m
*** ERROR ***
/lustre09/project/6039333/saeedvdi/projects/orca_4.0/Examples/Kalantar2025/OGSC/110_05_og_sc_bbfast_r1.i:2558.3:
The following occurred in the Postprocessor 'pp_outlet_pp' of type PointValue.

No element located at (x,y,z)=(0.0231596,        0, 0.103481) in PointValue Postprocessor named: pp_outlet_pp[39m


[31m
*** ERROR ***
/lustre09/project/6039333/saeedvdi/projects/orca_4.0/Examples/Kalantar2025/OGSC/110_05_og_sc_bbfast_r1.i:2558.3:
The following occurred in the Postprocessor 'pp_outlet_pp' of type PointValue.

No element located at (x,y,z)=(0.0231596,        0, 0.103481) in PointValue Postprocessor named: pp_outlet_pp[39m


[31m
*** ERROR ***
/lustre09/project/6039333/saeedvdi/projects/orca_4.0/Examples/Kalantar2025/OGSC/110_05_og_sc_bbfast_r1.i:2558.3:
The following occurred in the Postprocessor 'pp_outlet_pp' of type PointValue.

No element located at (x,y,z)=(0.0231596,        0, 0.103481) in PointValue Postprocessor named: pp_outlet_pp[39m


[31m
*** ERROR ***
/lustre09/project/6039333/saeedvdi/projects/orca_4.0/Examples/Kalantar2025/OGSC/110_05_og_sc_bbfast_r1.i:2558.3:
The following occurred in the Postprocessor 'pp_outlet_pp' of type PointValue.

No element located at (x,y,z)=(0.0231596,        0, 0.103481) in PointValue Postprocessor named: pp_outlet_pp[39m


[31m
*** ERROR ***
/lustre09/project/6039333/saeedvdi/projects/orca_4.0/Examples/Kalantar2025/OGSC/110_05_og_sc_bbfast_r1.i:2558.3:
The following occurred in the Postprocessor 'pp_outlet_pp' of type PointValue.

No element located at (x,y,z)=(0.0231596,        0, 0.103481) in PointValue Postprocessor named: pp_outlet_pp[39m


[31m
*** ERROR ***
/lustre09/project/6039333/saeedvdi/projects/orca_4.0/Examples/Kalantar2025/OGSC/110_05_og_sc_bbfast_r1.i:2558.3:
The following occurred in the Postprocessor 'pp_outlet_pp' of type PointValue.

No element located at (x,y,z)=(0.0231596,        0, 0.103481) in PointValue Postprocessor named: pp_outlet_pp[39m


[31m
*** ERROR ***
/lustre09/project/6039333/saeedvdi/projects/orca_4.0/Examples/Kalantar2025/OGSC/110_05_og_sc_bbfast_r1.i:2558.3:
The following occurred in the Postprocessor 'pp_outlet_pp' of type PointValue.

No element located at (x,y,z)=(0.0231596,        0, 0.103481) in PointValue Postprocessor named: pp_outlet_pp[39m


[31m
*** ERROR ***
/lustre09/project/6039333/saeedvdi/projects/orca_4.0/Examples/Kalantar2025/OGSC/110_05_og_sc_bbfast_r1.i:2558.3:
The following occurred in the Postprocessor 'pp_outlet_pp' of type PointValue.

No element located at (x,y,z)=(0.0231596,        0, 0.103481) in PointValue Postprocessor named: pp_outlet_pp[39m


[31m
*** ERROR ***
/lustre09/project/6039333/saeedvdi/projects/orca_4.0/Examples/Kalantar2025/OGSC/110_05_og_sc_bbfast_r1.i:2558.3:
The following occurred in the Postprocessor 'pp_outlet_pp' of type PointValue.

No element located at (x,y,z)=(0.0231596,        0, 0.103481) in PointValue Postprocessor named: pp_outlet_pp[39m


[31m
*** ERROR ***
/lustre09/project/6039333/saeedvdi/projects/orca_4.0/Examples/Kalantar2025/OGSC/110_05_og_sc_bbfast_r1.i:2558.3:
The following occurred in the Postprocessor 'pp_outlet_pp' of type PointValue.

No element located at (x,y,z)=(0.0231596,        0, 0.103481) in PointValue Postprocessor named: pp_outlet_pp[39m


[31m
*** ERROR ***
/lustre09/project/6039333/saeedvdi/projects/orca_4.0/Examples/Kalantar2025/OGSC/110_05_og_sc_bbfast_r1.i:2558.3:
The following occurred in the Postprocessor 'pp_outlet_pp' of type PointValue.

No element located at (x,y,z)=(0.0231596,        0, 0.103481) in PointValue Postprocessor named: pp_outlet_pp[39m


[31m
*** ERROR ***
/lustre09/project/6039333/saeedvdi/projects/orca_4.0/Examples/Kalantar2025/OGSC/110_05_og_sc_bbfast_r1.i:2558.3:
The following occurred in the Postprocessor 'pp_outlet_pp' of type PointValue.

No element located at (x,y,z)=(0.0231596,        0, 0.103481) in PointValue Postprocessor named: pp_outlet_pp[39m


[31m
*** ERROR ***
/lustre09/project/6039333/saeedvdi/projects/orca_4.0/Examples/Kalantar2025/OGSC/110_05_og_sc_bbfast_r1.i:2558.3:
The following occurred in the Postprocessor 'pp_outlet_pp' of type PointValue.

No element located at (x,y,z)=(0.0231596,        0, 0.103481) in PointValue Postprocessor named: pp_outlet_pp[39m


[31m
*** ERROR ***
/lustre09/project/6039333/saeedvdi/projects/orca_4.0/Examples/Kalantar2025/OGSC/110_05_og_sc_bbfast_r1.i:2558.3:
The following occurred in the Postprocessor 'pp_outlet_pp' of type PointValue.

No element located at (x,y,z)=(0.0231596,        0, 0.103481) in PointValue Postprocessor named: pp_outlet_pp[39m


[31m
*** ERROR ***
/lustre09/project/6039333/saeedvdi/projects/orca_4.0/Examples/Kalantar2025/OGSC/110_05_og_sc_bbfast_r1.i:2558.3:
The following occurred in the Postprocessor 'pp_outlet_pp' of type PointValue.

No element located at (x,y,z)=(0.0231596,        0, 0.103481) in PointValue Postprocessor named: pp_outlet_pp[39m


[31m
*** ERROR ***
/lustre09/project/6039333/saeedvdi/projects/orca_4.0/Examples/Kalantar2025/OGSC/110_05_og_sc_bbfast_r1.i:2558.3:
The following occurred in the Postprocessor 'pp_outlet_pp' of type PointValue.

No element located at (x,y,z)=(0.0231596,        0, 0.103481) in PointValue Postprocessor named: pp_outlet_pp[39m


[31m
*** ERROR ***
/lustre09/project/6039333/saeedvdi/projects/orca_4.0/Examples/Kalantar2025/OGSC/110_05_og_sc_bbfast_r1.i:2558.3:
The following occurred in the Postprocessor 'pp_outlet_pp' of type PointValue.

No element located at (x,y,z)=(0.0231596,        0, 0.103481) in PointValue Postprocessor named: pp_outlet_pp[39m


[31m
*** ERROR ***
/lustre09/project/6039333/saeedvdi/projects/orca_4.0/Examples/Kalantar2025/OGSC/110_05_og_sc_bbfast_r1.i:2558.3:
The following occurred in the Postprocessor 'pp_outlet_pp' of type PointValue.

No element located at (x,y,z)=(0.0231596,        0, 0.103481) in PointValue Postprocessor named: pp_outlet_pp[39m


[31m
*** ERROR ***
/lustre09/project/6039333/saeedvdi/projects/orca_4.0/Examples/Kalantar2025/OGSC/110_05_og_sc_bbfast_r1.i:2558.3:
The following occurred in the Postprocessor 'pp_outlet_pp' of type PointValue.

No element located at (x,y,z)=(0.0231596,        0, 0.103481) in PointValue Postprocessor named: pp_outlet_pp[39m


[31m
*** ERROR ***
/lustre09/project/6039333/saeedvdi/projects/orca_4.0/Examples/Kalantar2025/OGSC/110_05_og_sc_bbfast_r1.i:2558.3:
The following occurred in the Postprocessor 'pp_outlet_pp' of type PointValue.

No element located at (x,y,z)=(0.0231596,        0, 0.103481) in PointValue Postprocessor named: pp_outlet_pp[39m


[31m
*** ERROR ***
/lustre09/project/6039333/saeedvdi/projects/orca_4.0/Examples/Kalantar2025/OGSC/110_05_og_sc_bbfast_r1.i:2558.3:
The following occurred in the Postprocessor 'pp_outlet_pp' of type PointValue.

No element located at (x,y,z)=(0.0231596,        0, 0.103481) in PointValue Postprocessor named: pp_outlet_pp[39m


[31m
*** ERROR ***
/lustre09/project/6039333/saeedvdi/projects/orca_4.0/Examples/Kalantar2025/OGSC/110_05_og_sc_bbfast_r1.i:2558.3:
The following occurred in the Postprocessor 'pp_outlet_pp' of type PointValue.

No element located at (x,y,z)=(0.0231596,        0, 0.103481) in PointValue Postprocessor named: pp_outlet_pp[39m


[31m
*** ERROR ***
/lustre09/project/6039333/saeedvdi/projects/orca_4.0/Examples/Kalantar2025/OGSC/110_05_og_sc_bbfast_r1.i:2558.3:
The following occurred in the Postprocessor 'pp_outlet_pp' of type PointValue.

No element located at (x,y,z)=(0.0231596,        0, 0.103481) in PointValue Postprocessor named: pp_outlet_pp[39m


[31m
*** ERROR ***
/lustre09/project/6039333/saeedvdi/projects/orca_4.0/Examples/Kalantar2025/OGSC/110_05_og_sc_bbfast_r1.i:2558.3:
The following occurred in the Postprocessor 'pp_outlet_pp' of type PointValue.

No element located at (x,y,z)=(0.0231596,        0, 0.103481) in PointValue Postprocessor named: pp_outlet_pp[39m


[31m
*** ERROR ***
/lustre09/project/6039333/saeedvdi/projects/orca_4.0/Examples/Kalantar2025/OGSC/110_05_og_sc_bbfast_r1.i:2558.3:
The following occurred in the Postprocessor 'pp_outlet_pp' of type PointValue.

No element located at (x,y,z)=(0.0231596,        0, 0.103481) in PointValue Postprocessor named: pp_outlet_pp[39m


[31m
*** ERROR ***
/lustre09/project/6039333/saeedvdi/projects/orca_4.0/Examples/Kalantar2025/OGSC/110_05_og_sc_bbfast_r1.i:2558.3:
The following occurred in the Postprocessor 'pp_outlet_pp' of type PointValue.

No element located at (x,y,z)=(0.0231596,        0, 0.103481) in PointValue Postprocessor named: pp_outlet_pp[39m


[31m
*** ERROR ***
/lustre09/project/6039333/saeedvdi/projects/orca_4.0/Examples/Kalantar2025/OGSC/110_05_og_sc_bbfast_r1.i:2558.3:
The following occurred in the Postprocessor 'pp_outlet_pp' of type PointValue.

No element located at (x,y,z)=(0.0231596,        0, 0.103481) in PointValue Postprocessor named: pp_outlet_pp[39m


[31m
*** ERROR ***
/lustre09/project/6039333/saeedvdi/projects/orca_4.0/Examples/Kalantar2025/OGSC/110_05_og_sc_bbfast_r1.i:2558.3:
The following occurred in the Postprocessor 'pp_outlet_pp' of type PointValue.

No element located at (x,y,z)=(0.0231596,        0, 0.103481) in PointValue Postprocessor named: pp_outlet_pp[39m


[31m
*** ERROR ***
/lustre09/project/6039333/saeedvdi/projects/orca_4.0/Examples/Kalantar2025/OGSC/110_05_og_sc_bbfast_r1.i:2558.3:
The following occurred in the Postprocessor 'pp_outlet_pp' of type PointValue.

No element located at (x,y,z)=(0.0231596,        0, 0.103481) in PointValue Postprocessor named: pp_outlet_pp[39m


[31m
*** ERROR ***
/lustre09/project/6039333/saeedvdi/projects/orca_4.0/Examples/Kalantar2025/OGSC/110_05_og_sc_bbfast_r1.i:2558.3:
The following occurred in the Postprocessor 'pp_outlet_pp' of type PointValue.

No element located at (x,y,z)=(0.0231596,        0, 0.103481) in PointValue Postprocessor named: pp_outlet_pp[39m


[31m
*** ERROR ***
/lustre09/project/6039333/saeedvdi/projects/orca_4.0/Examples/Kalantar2025/OGSC/110_05_og_sc_bbfast_r1.i:2558.3:
The following occurred in the Postprocessor 'pp_outlet_pp' of type PointValue.

No element located at (x,y,z)=(0.0231596,        0, 0.103481) in PointValue Postprocessor named: pp_outlet_pp[39m


[31m
*** ERROR ***
/lustre09/project/6039333/saeedvdi/projects/orca_4.0/Examples/Kalantar2025/OGSC/110_05_og_sc_bbfast_r1.i:2558.3:
The following occurred in the Postprocessor 'pp_outlet_pp' of type PointValue.

No element located at (x,y,z)=(0.0231596,        0, 0.103481) in PointValue Postprocessor named: pp_outlet_pp[39m


[31m
*** ERROR ***
/lustre09/project/6039333/saeedvdi/projects/orca_4.0/Examples/Kalantar2025/OGSC/110_05_og_sc_bbfast_r1.i:2558.3:
The following occurred in the Postprocessor 'pp_outlet_pp' of type PointValue.

No element located at (x,y,z)=(0.0231596,        0, 0.103481) in PointValue Postprocessor named: pp_outlet_pp[39m


[31m
*** ERROR ***
/lustre09/project/6039333/saeedvdi/projects/orca_4.0/Examples/Kalantar2025/OGSC/110_05_og_sc_bbfast_r1.i:2558.3:
The following occurred in the Postprocessor 'pp_outlet_pp' of type PointValue.

No element located at (x,y,z)=(0.0231596,        0, 0.103481) in PointValue Postprocessor named: pp_outlet_pp[39m


[31m
*** ERROR ***
/lustre09/project/6039333/saeedvdi/projects/orca_4.0/Examples/Kalantar2025/OGSC/110_05_og_sc_bbfast_r1.i:2558.3:
The following occurred in the Postprocessor 'pp_outlet_pp' of type PointValue.

No element located at (x,y,z)=(0.0231596,        0, 0.103481) in PointValue Postprocessor named: pp_outlet_pp[39m

--------------------------------------------------------------------------
MPI_ABORT was invoked on rank 37 in communicator MPI_COMM_WORLD
with errorcode 1.

NOTE: invoking MPI_ABORT causes Open MPI to kill all MPI processes.
You may or may not see output from other processes, depending on
exactly when Open MPI kills them.
--------------------------------------------------------------------------
--------------------------------------------------------------------------
MPI_ABORT was invoked on rank 41 in communicator MPI_COMM_WORLD
with errorcode 1.

NOTE: invoking MPI_ABORT causes Open MPI to kill all MPI processes.
You may or may not see output from other processes, depending on
exactly when Open MPI kills them.
--------------------------------------------------------------------------
--------------------------------------------------------------------------
MPI_ABORT was invoked on rank 42 in communicator MPI_COMM_WORLD
with errorcode 1.

NOTE: invoking MPI_ABORT causes Open MPI to kill all MPI processes.
You may or may not see output from other processes, depending on
exactly when Open MPI kills them.
--------------------------------------------------------------------------
--------------------------------------------------------------------------
MPI_ABORT was invoked on rank 45 in communicator MPI_COMM_WORLD
with errorcode 1.

NOTE: invoking MPI_ABORT causes Open MPI to kill all MPI processes.
You may or may not see output from other processes, depending on
exactly when Open MPI kills them.
--------------------------------------------------------------------------
--------------------------------------------------------------------------
MPI_ABORT was invoked on rank 50 in communicator MPI_COMM_WORLD
with errorcode 1.

NOTE: invoking MPI_ABORT causes Open MPI to kill all MPI processes.
You may or may not see output from other processes, depending on
exactly when Open MPI kills them.
--------------------------------------------------------------------------
--------------------------------------------------------------------------
MPI_ABORT was invoked on rank 51 in communicator MPI_COMM_WORLD
with errorcode 1.

NOTE: invoking MPI_ABORT causes Open MPI to kill all MPI processes.
You may or may not see output from other processes, depending on
exactly when Open MPI kills them.
--------------------------------------------------------------------------
--------------------------------------------------------------------------
MPI_ABORT was invoked on rank 55 in communicator MPI_COMM_WORLD
with errorcode 1.

NOTE: invoking MPI_ABORT causes Open MPI to kill all MPI processes.
You may or may not see output from other processes, depending on
exactly when Open MPI kills them.
--------------------------------------------------------------------------
--------------------------------------------------------------------------
MPI_ABORT was invoked on rank 56 in communicator MPI_COMM_WORLD
with errorcode 1.

NOTE: invoking MPI_ABORT causes Open MPI to kill all MPI processes.
You may or may not see output from other processes, depending on
exactly when Open MPI kills them.
--------------------------------------------------------------------------
--------------------------------------------------------------------------
MPI_ABORT was invoked on rank 58 in communicator MPI_COMM_WORLD
with errorcode 1.

NOTE: invoking MPI_ABORT causes Open MPI to kill all MPI processes.
You may or may not see output from other processes, depending on
exactly when Open MPI kills them.
--------------------------------------------------------------------------
--------------------------------------------------------------------------
MPI_ABORT was invoked on rank 60 in communicator MPI_COMM_WORLD
with errorcode 1.

NOTE: invoking MPI_ABORT causes Open MPI to kill all MPI processes.
You may or may not see output from other processes, depending on
exactly when Open MPI kills them.
--------------------------------------------------------------------------
--------------------------------------------------------------------------
MPI_ABORT was invoked on rank 0 in communicator MPI_COMM_WORLD
with errorcode 1.

NOTE: invoking MPI_ABORT causes Open MPI to kill all MPI processes.
You may or may not see output from other processes, depending on
exactly when Open MPI kills them.
--------------------------------------------------------------------------
--------------------------------------------------------------------------
MPI_ABORT was invoked on rank 1 in communicator MPI_COMM_WORLD
with errorcode 1.

NOTE: invoking MPI_ABORT causes Open MPI to kill all MPI processes.
You may or may not see output from other processes, depending on
exactly when Open MPI kills them.
--------------------------------------------------------------------------
--------------------------------------------------------------------------
MPI_ABORT was invoked on rank 2 in communicator MPI_COMM_WORLD
with errorcode 1.

NOTE: invoking MPI_ABORT causes Open MPI to kill all MPI processes.
You may or may not see output from other processes, depending on
exactly when Open MPI kills them.
--------------------------------------------------------------------------
--------------------------------------------------------------------------
MPI_ABORT was invoked on rank 3 in communicator MPI_COMM_WORLD
with errorcode 1.

NOTE: invoking MPI_ABORT causes Open MPI to kill all MPI processes.
You may or may not see output from other processes, depending on
exactly when Open MPI kills them.
--------------------------------------------------------------------------
--------------------------------------------------------------------------
MPI_ABORT was invoked on rank 4 in communicator MPI_COMM_WORLD
with errorcode 1.

NOTE: invoking MPI_ABORT causes Open MPI to kill all MPI processes.
You may or may not see output from other processes, depending on
exactly when Open MPI kills them.
--------------------------------------------------------------------------
--------------------------------------------------------------------------
MPI_ABORT was invoked on rank 5 in communicator MPI_COMM_WORLD
with errorcode 1.

NOTE: invoking MPI_ABORT causes Open MPI to kill all MPI processes.
You may or may not see output from other processes, depending on
exactly when Open MPI kills them.
--------------------------------------------------------------------------
--------------------------------------------------------------------------
MPI_ABORT was invoked on rank 6 in communicator MPI_COMM_WORLD
with errorcode 1.

NOTE: invoking MPI_ABORT causes Open MPI to kill all MPI processes.
You may or may not see output from other processes, depending on
exactly when Open MPI kills them.
--------------------------------------------------------------------------
--------------------------------------------------------------------------
MPI_ABORT was invoked on rank 8 in communicator MPI_COMM_WORLD
with errorcode 1.

NOTE: invoking MPI_ABORT causes Open MPI to kill all MPI processes.
You may or may not see output from other processes, depending on
exactly when Open MPI kills them.
--------------------------------------------------------------------------
--------------------------------------------------------------------------
MPI_ABORT was invoked on rank 9 in communicator MPI_COMM_WORLD
with errorcode 1.

NOTE: invoking MPI_ABORT causes Open MPI to kill all MPI processes.
You may or may not see output from other processes, depending on
exactly when Open MPI kills them.
--------------------------------------------------------------------------
--------------------------------------------------------------------------
MPI_ABORT was invoked on rank 10 in communicator MPI_COMM_WORLD
with errorcode 1.

NOTE: invoking MPI_ABORT causes Open MPI to kill all MPI processes.
You may or may not see output from other processes, depending on
exactly when Open MPI kills them.
--------------------------------------------------------------------------
--------------------------------------------------------------------------
MPI_ABORT was invoked on rank 11 in communicator MPI_COMM_WORLD
with errorcode 1.

NOTE: invoking MPI_ABORT causes Open MPI to kill all MPI processes.
You may or may not see output from other processes, depending on
exactly when Open MPI kills them.
--------------------------------------------------------------------------
--------------------------------------------------------------------------
MPI_ABORT was invoked on rank 12 in communicator MPI_COMM_WORLD
with errorcode 1.

NOTE: invoking MPI_ABORT causes Open MPI to kill all MPI processes.
You may or may not see output from other processes, depending on
exactly when Open MPI kills them.
--------------------------------------------------------------------------
--------------------------------------------------------------------------
MPI_ABORT was invoked on rank 13 in communicator MPI_COMM_WORLD
with errorcode 1.

NOTE: invoking MPI_ABORT causes Open MPI to kill all MPI processes.
You may or may not see output from other processes, depending on
exactly when Open MPI kills them.
--------------------------------------------------------------------------
--------------------------------------------------------------------------
MPI_ABORT was invoked on rank 14 in communicator MPI_COMM_WORLD
with errorcode 1.

NOTE: invoking MPI_ABORT causes Open MPI to kill all MPI processes.
You may or may not see output from other processes, depending on
exactly when Open MPI kills them.
--------------------------------------------------------------------------
--------------------------------------------------------------------------
MPI_ABORT was invoked on rank 15 in communicator MPI_COMM_WORLD
with errorcode 1.

NOTE: invoking MPI_ABORT causes Open MPI to kill all MPI processes.
You may or may not see output from other processes, depending on
exactly when Open MPI kills them.
--------------------------------------------------------------------------
--------------------------------------------------------------------------
MPI_ABORT was invoked on rank 16 in communicator MPI_COMM_WORLD
with errorcode 1.

NOTE: invoking MPI_ABORT causes Open MPI to kill all MPI processes.
You may or may not see output from other processes, depending on
exactly when Open MPI kills them.
--------------------------------------------------------------------------
--------------------------------------------------------------------------
MPI_ABORT was invoked on rank 17 in communicator MPI_COMM_WORLD
with errorcode 1.

NOTE: invoking MPI_ABORT causes Open MPI to kill all MPI processes.
You may or may not see output from other processes, depending on
exactly when Open MPI kills them.
--------------------------------------------------------------------------
--------------------------------------------------------------------------
MPI_ABORT was invoked on rank 18 in communicator MPI_COMM_WORLD
with errorcode 1.

NOTE: invoking MPI_ABORT causes Open MPI to kill all MPI processes.
You may or may not see output from other processes, depending on
exactly when Open MPI kills them.
--------------------------------------------------------------------------
--------------------------------------------------------------------------
MPI_ABORT was invoked on rank 19 in communicator MPI_COMM_WORLD
with errorcode 1.

NOTE: invoking MPI_ABORT causes Open MPI to kill all MPI processes.
You may or may not see output from other processes, depending on
exactly when Open MPI kills them.
--------------------------------------------------------------------------
--------------------------------------------------------------------------
MPI_ABORT was invoked on rank 20 in communicator MPI_COMM_WORLD
with errorcode 1.

NOTE: invoking MPI_ABORT causes Open MPI to kill all MPI processes.
You may or may not see output from other processes, depending on
exactly when Open MPI kills them.
--------------------------------------------------------------------------
--------------------------------------------------------------------------
MPI_ABORT was invoked on rank 21 in communicator MPI_COMM_WORLD
with errorcode 1.

NOTE: invoking MPI_ABORT causes Open MPI to kill all MPI processes.
You may or may not see output from other processes, depending on
exactly when Open MPI kills them.
--------------------------------------------------------------------------
--------------------------------------------------------------------------
MPI_ABORT was invoked on rank 22 in communicator MPI_COMM_WORLD
with errorcode 1.

NOTE: invoking MPI_ABORT causes Open MPI to kill all MPI processes.
You may or may not see output from other processes, depending on
exactly when Open MPI kills them.
--------------------------------------------------------------------------
--------------------------------------------------------------------------
MPI_ABORT was invoked on rank 23 in communicator MPI_COMM_WORLD
with errorcode 1.

NOTE: invoking MPI_ABORT causes Open MPI to kill all MPI processes.
You may or may not see output from other processes, depending on
exactly when Open MPI kills them.
--------------------------------------------------------------------------
--------------------------------------------------------------------------
MPI_ABORT was invoked on rank 25 in communicator MPI_COMM_WORLD
with errorcode 1.

NOTE: invoking MPI_ABORT causes Open MPI to kill all MPI processes.
You may or may not see output from other processes, depending on
exactly when Open MPI kills them.
--------------------------------------------------------------------------
--------------------------------------------------------------------------
MPI_ABORT was invoked on rank 26 in communicator MPI_COMM_WORLD
with errorcode 1.

NOTE: invoking MPI_ABORT causes Open MPI to kill all MPI processes.
You may or may not see output from other processes, depending on
exactly when Open MPI kills them.
--------------------------------------------------------------------------
--------------------------------------------------------------------------
MPI_ABORT was invoked on rank 27 in communicator MPI_COMM_WORLD
with errorcode 1.

NOTE: invoking MPI_ABORT causes Open MPI to kill all MPI processes.
You may or may not see output from other processes, depending on
exactly when Open MPI kills them.
--------------------------------------------------------------------------
--------------------------------------------------------------------------
MPI_ABORT was invoked on rank 28 in communicator MPI_COMM_WORLD
with errorcode 1.

NOTE: invoking MPI_ABORT causes Open MPI to kill all MPI processes.
You may or may not see output from other processes, depending on
exactly when Open MPI kills them.
--------------------------------------------------------------------------
--------------------------------------------------------------------------
MPI_ABORT was invoked on rank 29 in communicator MPI_COMM_WORLD
with errorcode 1.

NOTE: invoking MPI_ABORT causes Open MPI to kill all MPI processes.
You may or may not see output from other processes, depending on
exactly when Open MPI kills them.
--------------------------------------------------------------------------
--------------------------------------------------------------------------
MPI_ABORT was invoked on rank 30 in communicator MPI_COMM_WORLD
with errorcode 1.

NOTE: invoking MPI_ABORT causes Open MPI to kill all MPI processes.
You may or may not see output from other processes, depending on
exactly when Open MPI kills them.
--------------------------------------------------------------------------
--------------------------------------------------------------------------
MPI_ABORT was invoked on rank 31 in communicator MPI_COMM_WORLD
with errorcode 1.

NOTE: invoking MPI_ABORT causes Open MPI to kill all MPI processes.
You may or may not see output from other processes, depending on
exactly when Open MPI kills them.
--------------------------------------------------------------------------
--------------------------------------------------------------------------
MPI_ABORT was invoked on rank 32 in communicator MPI_COMM_WORLD
with errorcode 1.

NOTE: invoking MPI_ABORT causes Open MPI to kill all MPI processes.
You may or may not see output from other processes, depending on
exactly when Open MPI kills them.
--------------------------------------------------------------------------
--------------------------------------------------------------------------
MPI_ABORT was invoked on rank 33 in communicator MPI_COMM_WORLD
with errorcode 1.

NOTE: invoking MPI_ABORT causes Open MPI to kill all MPI processes.
You may or may not see output from other processes, depending on
exactly when Open MPI kills them.
--------------------------------------------------------------------------
--------------------------------------------------------------------------
MPI_ABORT was invoked on rank 34 in communicator MPI_COMM_WORLD
with errorcode 1.

NOTE: invoking MPI_ABORT causes Open MPI to kill all MPI processes.
You may or may not see output from other processes, depending on
exactly when Open MPI kills them.
--------------------------------------------------------------------------
--------------------------------------------------------------------------
MPI_ABORT was invoked on rank 35 in communicator MPI_COMM_WORLD
with errorcode 1.

NOTE: invoking MPI_ABORT causes Open MPI to kill all MPI processes.
You may or may not see output from other processes, depending on
exactly when Open MPI kills them.
--------------------------------------------------------------------------
--------------------------------------------------------------------------
MPI_ABORT was invoked on rank 38 in communicator MPI_COMM_WORLD
with errorcode 1.

NOTE: invoking MPI_ABORT causes Open MPI to kill all MPI processes.
You may or may not see output from other processes, depending on
exactly when Open MPI kills them.
--------------------------------------------------------------------------
--------------------------------------------------------------------------
MPI_ABORT was invoked on rank 39 in communicator MPI_COMM_WORLD
with errorcode 1.

NOTE: invoking MPI_ABORT causes Open MPI to kill all MPI processes.
You may or may not see output from other processes, depending on
exactly when Open MPI kills them.
--------------------------------------------------------------------------
--------------------------------------------------------------------------
MPI_ABORT was invoked on rank 40 in communicator MPI_COMM_WORLD
with errorcode 1.

NOTE: invoking MPI_ABORT causes Open MPI to kill all MPI processes.
You may or may not see output from other processes, depending on
exactly when Open MPI kills them.
--------------------------------------------------------------------------
--------------------------------------------------------------------------
MPI_ABORT was invoked on rank 43 in communicator MPI_COMM_WORLD
with errorcode 1.

NOTE: invoking MPI_ABORT causes Open MPI to kill all MPI processes.
You may or may not see output from other processes, depending on
exactly when Open MPI kills them.
--------------------------------------------------------------------------
--------------------------------------------------------------------------
MPI_ABORT was invoked on rank 44 in communicator MPI_COMM_WORLD
with errorcode 1.

NOTE: invoking MPI_ABORT causes Open MPI to kill all MPI processes.
You may or may not see output from other processes, depending on
exactly when Open MPI kills them.
--------------------------------------------------------------------------
--------------------------------------------------------------------------
MPI_ABORT was invoked on rank 46 in communicator MPI_COMM_WORLD
with errorcode 1.

NOTE: invoking MPI_ABORT causes Open MPI to kill all MPI processes.
You may or may not see output from other processes, depending on
exactly when Open MPI kills them.
--------------------------------------------------------------------------
--------------------------------------------------------------------------
MPI_ABORT was invoked on rank 47 in communicator MPI_COMM_WORLD
with errorcode 1.

NOTE: invoking MPI_ABORT causes Open MPI to kill all MPI processes.
You may or may not see output from other processes, depending on
exactly when Open MPI kills them.
--------------------------------------------------------------------------
--------------------------------------------------------------------------
srun: Job step aborted: Waiting up to 62 seconds for job step to finish.
MPI_ABORT was invoked on rank 48 in communicator MPI_COMM_WORLD
with errorcode 1.

NOTE: invoking MPI_ABORT causes Open MPI to kill all MPI processes.
You may or may not see output from other processes, depending on
exactly when Open MPI kills them.
--------------------------------------------------------------------------
--------------------------------------------------------------------------
MPI_ABORT was invoked on rank 49 in communicator MPI_COMM_WORLD
with errorcode 1.

NOTE: invoking MPI_ABORT causes Open MPI to kill all MPI processes.
You may or may not see output from other processes, depending on
exactly when Open MPI kills them.
--------------------------------------------------------------------------
--------------------------------------------------------------------------
MPI_ABORT was invoked on rank 52 in communicator MPI_COMM_WORLD
with errorcode 1.

NOTE: invoking MPI_ABORT causes Open MPI to kill all MPI processes.
You may or may not see output from other processes, depending on
exactly when Open MPI kills them.
--------------------------------------------------------------------------
--------------------------------------------------------------------------
MPI_ABORT was invoked on rank 53 in communicator MPI_COMM_WORLD
with errorcode 1.

NOTE: invoking MPI_ABORT causes Open MPI to kill all MPI processes.
You may or may not see output from other processes, depending on
exactly when Open MPI kills them.
--------------------------------------------------------------------------
--------------------------------------------------------------------------
MPI_ABORT was invoked on rank 54 in communicator MPI_COMM_WORLD
with errorcode 1.

NOTE: invoking MPI_ABORT causes Open MPI to kill all MPI processes.
You may or may not see output from other processes, depending on
exactly when Open MPI kills them.
--------------------------------------------------------------------------
--------------------------------------------------------------------------
MPI_ABORT was invoked on rank 57 in communicator MPI_COMM_WORLD
with errorcode 1.

NOTE: invoking MPI_ABORT causes Open MPI to kill all MPI processes.
You may or may not see output from other processes, depending on
exactly when Open MPI kills them.
--------------------------------------------------------------------------
--------------------------------------------------------------------------
MPI_ABORT was invoked on rank 59 in communicator MPI_COMM_WORLD
with errorcode 1.

NOTE: invoking MPI_ABORT causes Open MPI to kill all MPI processes.
You may or may not see output from other processes, depending on
exactly when Open MPI kills them.
--------------------------------------------------------------------------
--------------------------------------------------------------------------
MPI_ABORT was invoked on rank 61 in communicator MPI_COMM_WORLD
with errorcode 1.

NOTE: invoking MPI_ABORT causes Open MPI to kill all MPI processes.
You may or may not see output from other processes, depending on
exactly when Open MPI kills them.
--------------------------------------------------------------------------
--------------------------------------------------------------------------
MPI_ABORT was invoked on rank 62 in communicator MPI_COMM_WORLD
with errorcode 1.

NOTE: invoking MPI_ABORT causes Open MPI to kill all MPI processes.
You may or may not see output from other processes, depending on
exactly when Open MPI kills them.
--------------------------------------------------------------------------
--------------------------------------------------------------------------
MPI_ABORT was invoked on rank 63 in communicator MPI_COMM_WORLD
with errorcode 1.

NOTE: invoking MPI_ABORT causes Open MPI to kill all MPI processes.
You may or may not see output from other processes, depending on
exactly when Open MPI kills them.
--------------------------------------------------------------------------
--------------------------------------------------------------------------
MPI_ABORT was invoked on rank 7 in communicator MPI_COMM_WORLD
with errorcode 1.

NOTE: invoking MPI_ABORT causes Open MPI to kill all MPI processes.
You may or may not see output from other processes, depending on
exactly when Open MPI kills them.
--------------------------------------------------------------------------
--------------------------------------------------------------------------
MPI_ABORT was invoked on rank 24 in communicator MPI_COMM_WORLD
with errorcode 1.

NOTE: invoking MPI_ABORT causes Open MPI to kill all MPI processes.
You may or may not see output from other processes, depending on
exactly when Open MPI kills them.
--------------------------------------------------------------------------
--------------------------------------------------------------------------
MPI_ABORT was invoked on rank 36 in communicator MPI_COMM_WORLD
with errorcode 1.

NOTE: invoking MPI_ABORT causes Open MPI to kill all MPI processes.
You may or may not see output from other processes, depending on
exactly when Open MPI kills them.
--------------------------------------------------------------------------
[2026-08-23T03:59:21.856] error: *** STEP 19444648.0 ON rc32322 CANCELLED AT 2026-08-23T03:59:21 DUE to SIGNAL Killed ***
[2026-08-23T03:59:21.856] error: *** STEP 19444648.0 ON rc32322 CANCELLED AT 2026-08-23T03:59:21 DUE to SIGNAL Killed ***
srun: error: rc32322: tasks 0-63: Killed
